// Jest Snapshot v1, https://goo.gl/fbAQLP

exports[`Simple SDK: fetcher made with: axios Get_Adapters: Get_Adapters 1`] = `
[
  "Bancor",
  "Compound",
  "DODOV1",
  "DODOV2",
  "TraderJoeV2.1",
  "Smoothy",
  "CurveV2",
  "Lido",
  "EtherFi",
  "Stader",
  "Bebop",
  "CurveV1",
  "Swerve",
  "BalancerV1",
  "BalancerV2",
  "BalancerV3",
  "UniswapV2",
  "DefiSwap",
  "LinkSwap",
  "SushiSwap",
  "ShibaSwap",
  "Verse",
  "UniswapV3",
  "SushiSwapV3",
  "UniswapV4",
  "PancakeSwapV2",
  "PancakeswapV3",
  "AaveV2",
  "AaveV3",
  "AaveV3Lido",
  "KyberDmm",
  "Weth",
  "PolygonMigrator",
  "Synapse",
  "ParaSwapLimitOrders",
  "SolidlyV2",
  "Synthetix",
  "CurveV1Factory",
  "CurveV1StableNg",
  "wstETH",
  "wUSDM",
  "wUSDL",
  "sUSDe",
  "stcUSD",
  "Hashflow",
  "MaverickV1",
  "MaverickV2",
  "SwaapV2",
  "AngleTransmuter",
  "AngleStakedStableUSD",
  "AngleStakedStableEUR",
  "SolidlyV3",
  "Wombat",
  "Swell",
  "Spark",
  "sUSDS",
  "AaveV3Stata",
  "AaveV3StataV2",
  "OSwap",
  "ConcentratorArusd",
  "FxProtocolRusd",
  "AaveGsm",
  "LitePsm",
  "UsualBond",
  "StkGHO",
  "DaiUsds",
  "MkrSky",
  "FluidDex",
  "FluidDexLite",
  "UsdcUsualUSDC",
  "UsualUSDCUsd0",
  "UsualMWrappedM",
  "MWrappedM",
  "WrappedMM",
  "UsualMUsd0",
  "UsualPP",
  "Ekubo",
  "MiroMigrator",
  "AaveV3Pendle",
  "RingV2",
  "BunniV2",
  "Cap",
  "AugustusRFQ",
]
`;

exports[`Simple SDK: fetcher made with: axios Get_SwapTxData: Get_SwapTxData::priceRoute 1`] = `
{
  "bestRoute": [
    {
      "percent": 100,
      "swaps": [
        {
          "destDecimals": 18,
          "destToken": "0x6b175474e89094c44da98b954eedeac495271d0f",
          "srcDecimals": 18,
          "srcToken": "0xeeeeeeeeeeeeeeeeeeeeeeeeeeeeeeeeeeeeeeee",
          "swapExchanges": [
            {
              "data": "dynamic_object",
              "destAmount": "dynamic_number",
              "exchange": "UniswapV2",
              "percent": "dynamic_number",
              "poolAddresses": "dynamic_array",
              "poolIdentifiers": "dynamic_array",
              "srcAmount": "dynamic_number",
            },
          ],
        },
      ],
    },
  ],
  "blockNumber": "dynamic_number",
  "contractAddress": "0x6a000f20005980200259b80c5102003040001068",
  "contractMethod": "swapExactAmountIn",
  "destAmount": "dynamic_number",
  "destDecimals": 18,
  "destToken": "0x6b175474e89094c44da98b954eedeac495271d0f",
  "destUSD": "dynamic_number",
  "gasCost": "dynamic_number",
  "gasCostUSD": "dynamic_number",
  "hmac": "dynamic_string",
  "maxImpactReached": false,
  "network": 1,
  "partner": "anon",
  "partnerFee": 0,
  "side": "SELL",
  "srcAmount": "1000000000000000000",
  "srcDecimals": 18,
  "srcToken": "0xeeeeeeeeeeeeeeeeeeeeeeeeeeeeeeeeeeeeeeee",
  "srcUSD": "dynamic_number",
  "tokenTransferProxy": "0x6a000f20005980200259b80c5102003040001068",
  "version": "6.2",
}
`;

exports[`Simple SDK: fetcher made with: axios Get_SwapTxData: Get_SwapTxData::txParams 1`] = `
{
  "chainId": 1,
  "data": "dynamic_string",
  "from": "dynamic_string",
  "gasPrice": "dynamic_number",
  "to": "0x6a000f20005980200259b80c5102003040001068",
  "value": "1000000000000000000",
}
`;

exports[`Simple SDK: fetcher made with: fetch Get_Adapters: Get_Adapters 1`] = `
[
  "Bancor",
  "Compound",
  "DODOV1",
  "DODOV2",
  "TraderJoeV2.1",
  "Smoothy",
  "CurveV2",
  "Lido",
  "EtherFi",
  "Stader",
  "Bebop",
  "CurveV1",
  "Swerve",
  "BalancerV1",
  "BalancerV2",
  "BalancerV3",
  "UniswapV2",
  "DefiSwap",
  "LinkSwap",
  "SushiSwap",
  "ShibaSwap",
  "Verse",
  "UniswapV3",
  "SushiSwapV3",
  "UniswapV4",
  "PancakeSwapV2",
  "PancakeswapV3",
  "AaveV2",
  "AaveV3",
  "AaveV3Lido",
  "KyberDmm",
  "Weth",
  "PolygonMigrator",
  "Synapse",
  "ParaSwapLimitOrders",
  "SolidlyV2",
  "Synthetix",
  "CurveV1Factory",
  "CurveV1StableNg",
  "wstETH",
  "wUSDM",
  "wUSDL",
  "sUSDe",
  "stcUSD",
  "Hashflow",
  "MaverickV1",
  "MaverickV2",
  "SwaapV2",
  "AngleTransmuter",
  "AngleStakedStableUSD",
  "AngleStakedStableEUR",
  "SolidlyV3",
  "Wombat",
  "Swell",
  "Spark",
  "sUSDS",
  "AaveV3Stata",
  "AaveV3StataV2",
  "OSwap",
  "ConcentratorArusd",
  "FxProtocolRusd",
  "AaveGsm",
  "LitePsm",
  "UsualBond",
  "StkGHO",
  "DaiUsds",
  "MkrSky",
  "FluidDex",
  "FluidDexLite",
  "UsdcUsualUSDC",
  "UsualUSDCUsd0",
  "UsualMWrappedM",
  "MWrappedM",
  "WrappedMM",
  "UsualMUsd0",
  "UsualPP",
  "Ekubo",
  "MiroMigrator",
  "AaveV3Pendle",
  "RingV2",
  "BunniV2",
  "Cap",
  "AugustusRFQ",
]
`;

exports[`Simple SDK: fetcher made with: fetch Get_SwapTxData: Get_SwapTxData::priceRoute 1`] = `
{
  "bestRoute": [
    {
      "percent": 100,
      "swaps": [
        {
          "destDecimals": 18,
          "destToken": "0x6b175474e89094c44da98b954eedeac495271d0f",
          "srcDecimals": 18,
          "srcToken": "0xeeeeeeeeeeeeeeeeeeeeeeeeeeeeeeeeeeeeeeee",
          "swapExchanges": [
            {
              "data": "dynamic_object",
              "destAmount": "dynamic_number",
              "exchange": "UniswapV2",
              "percent": "dynamic_number",
              "poolAddresses": "dynamic_array",
              "poolIdentifiers": "dynamic_array",
              "srcAmount": "dynamic_number",
            },
          ],
        },
      ],
    },
  ],
  "blockNumber": "dynamic_number",
  "contractAddress": "0x6a000f20005980200259b80c5102003040001068",
  "contractMethod": "swapExactAmountIn",
  "destAmount": "dynamic_number",
  "destDecimals": 18,
  "destToken": "0x6b175474e89094c44da98b954eedeac495271d0f",
  "destUSD": "dynamic_number",
  "gasCost": "dynamic_number",
  "gasCostUSD": "dynamic_number",
  "hmac": "dynamic_string",
  "maxImpactReached": false,
  "network": 1,
  "partner": "anon",
  "partnerFee": 0,
  "side": "SELL",
  "srcAmount": "1000000000000000000",
  "srcDecimals": 18,
  "srcToken": "0xeeeeeeeeeeeeeeeeeeeeeeeeeeeeeeeeeeeeeeee",
  "srcUSD": "dynamic_number",
  "tokenTransferProxy": "0x6a000f20005980200259b80c5102003040001068",
  "version": "6.2",
}
`;

exports[`Simple SDK: fetcher made with: fetch Get_SwapTxData: Get_SwapTxData::txParams 1`] = `
{
  "chainId": 1,
  "data": "dynamic_string",
  "from": "dynamic_string",
  "gasPrice": "dynamic_number",
  "to": "0x6a000f20005980200259b80c5102003040001068",
  "value": "1000000000000000000",
}
`;
